// Jest Snapshot v1, https://goo.gl/fbAQLP

exports[`withQueryResolver should display an error when isError = true 1`] = `
.c0 {
  color: red;
  font-weight: 600;
}

<div>
  <p
    class="c0"
  >
    Error Text
  </p>
</div>
`;

exports[`withQueryResolver should show loading when isLoading = true 1`] = `
<div>
  <div
    data-testid="Loader"
  />
</div>
`;
